
> vardaminiklerkoyu@0.1.0 build
> next build

   ▲ Next.js 16.0.1 (Turbopack)
   - Environments: .env.local

   Creating an optimized production build ...
 ✓ Compiled successfully in 3.6s
   Running TypeScript ...
npm error code EPERM
